[www.whybolusite.cf/index.html]
[www.whybolusite.cf/favicon.0.delayed]
[backblue.gif]
[fade.gif]
[index.html]
[www.whybolusite.cf/styles/bootstrap-4.1.2/bootstrap.min.css]
[www.whybolusite.cf/plugins/font-awesome-4.7.0/css/font-awesome.min.css]
[www.whybolusite.cf/plugins/OwlCarousel2-2.2.1/owl.carousel.css]
[www.whybolusite.cf/plugins/OwlCarousel2-2.2.1/owl.theme.default.css]
[www.whybolusite.cf/plugins/OwlCarousel2-2.2.1/animate.css]
[www.whybolusite.cf/styles/main_styles.css]
[www.whybolusite.cf/styles/responsive.css]
[www.whybolusite.cf/index-2.html]
[www.whybolusite.cf/commands.html]
[www.whybolusite.cf/about.a.delayed]
[www.whybolusite.cf/contact.html]
[www.whybolusite.cf/images/is37020g4a631 (1.c.delayed]
[www.whybolusite.cf/images/dots.png]
[img.icons8.com/wired/64/000000/gear.png]
[www.whybolusite.cf/images/icon_2.svg]
[www.whybolusite.cf/images/icon_3.svg]
[www.whybolusite.cf/images/icon_5.svg]
[www.whybolusite.cf/images/icon_6.svg]
[www.whybolusite.cf/images/choose us.png]
[www.whybolusite.cf/images/icon_7.svg]
[www.whybolusite.cf/images/icon_8.svg]
[www.whybolusite.cf/images/icon_9.svg]
[www.whybolusite.cf/images/icon_10.svg]
[www.whybolusite.cf/styles/bootstrap-4.1.2/bootstrap.min.js]
[www.whybolusite.cf/styles/bootstrap-4.1.2/popper.js]
[www.whybolusite.cf/js/jquery-3.2.1.min.js]
[www.whybolusite.cf/plugins/greensock/TimelineMax.min.js]
[www.whybolusite.cf/plugins/greensock/animation.gsap.min.js]
[www.whybolusite.cf/plugins/scrollmagic/ScrollMagic.min.js]
[www.whybolusite.cf/plugins/greensock/ScrollToPlugin.min.js]
[www.whybolusite.cf/plugins/easing/easing.js]
[www.whybolusite.cf/plugins/greensock/TweenMax.min.js]
[www.whybolusite.cf/plugins/parallax-js-master/parallax.min.js]
[www.whybolusite.cf/plugins/progressbar/progressbar.min.js]
[www.whybolusite.cf/index.html]
[www.whybolusite.cf/favicon.ico]
[www.whybolusite.cf/styles/bootstrap-4.1.2/bootstrap.min.css]
[www.whybolusite.cf/plugins/OwlCarousel2-2.2.1/owl.carousel.js]
[www.whybolusite.cf/js/custom.js]
[www.whybolusite.cf/plugins/font-awesome-4.7.0/fonts/fontawesome-webfont3e6e.woff2]
[www.whybolusite.cf/plugins/font-awesome-4.7.0/fonts/fontawesome-webfont3e6e.woff]
[www.whybolusite.cf/plugins/font-awesome-4.7.0/fonts/fontawesome-webfont3e6e.eot]
[www.whybolusite.cf/plugins/font-awesome-4.7.0/css/font-awesome.min.css]
[www.whybolusite.cf/plugins/OwlCarousel2-2.2.1/owl.video.play.png]
[www.whybolusite.cf/plugins/OwlCarousel2-2.2.1/owl.carousel.css]
[www.whybolusite.cf/plugins/OwlCarousel2-2.2.1/owl.theme.default.css]
[www.whybolusite.cf/plugins/OwlCarousel2-2.2.1/animate.css]
[www.whybolusite.cf/styles/main_styles.css]
[www.whybolusite.cf/styles/responsive.css]
[www.whybolusite.cf/index-2.html]
[www.whybolusite.cf/styles/services.css]
[www.whybolusite.cf/styles/services_responsive.css]
[www.whybolusite.cf/plugins/font-awesome-4.7.0/fonts/fontawesome-webfontd41d.eot]
[www.whybolusite.cf/images/cloud.png]
[www.whybolusite.cf/images/cloud_full_2.png]
[www.whybolusite.cf/plugins/font-awesome-4.7.0/fonts/fontawesome-webfont3e6e.svg]
[www.whybolusite.cf/images/discord criss cross.jpg]
[www.whybolusite.cf/images/icon_12.svg]
[www.whybolusite.cf/commands.html]
[www.whybolusite.cf/about.html]
[www.whybolusite.cf/js/services.js]
[www.whybolusite.cf/styles/contact.css]
[www.whybolusite.cf/styles/contact_responsive.css]
[www.whybolusite.cf/images/city_5.png]
[www.whybolusite.cf/images/cloud_left.png]
[www.whybolusite.cf/images/cloud_left_full.png]
[www.whybolusite.cf/contact.html]
[www.whybolusite.cf/images/is37020g4a631 (1]
[www.whybolusite.cf/images/icon_2.svg]
[www.whybolusite.cf/images/icon_3.svg]
[www.whybolusite.cf/images/icon_5.svg]
[www.whybolusite.cf/images/icon_6.svg]
[www.whybolusite.cf/images/icon_7.svg]
[www.whybolusite.cf/images/icon_8.svg]
[www.whybolusite.cf/images/icon_9.svg]
[www.whybolusite.cf/images/icon_10.svg]
[www.whybolusite.cf/js/contact.js]
[www.whybolusite.cf/plugins/font-awesome-4.7.0/fonts/fontawesome-webfont3e6e.ttf]
[www.whybolusite.cf/plugins/font-awesome-4.7.0/fonts/fontawesome-webfont3e6e.svg]
[www.whybolusite.cf/styles/images/discord criss cross.39.delayed]
[www.whybolusite.cf/images/support.jpg]
[www.whybolusite.cf/styles/services.css]
[www.whybolusite.cf/images/support_2.jpg]
[www.whybolusite.cf/styles/services_responsive.css]
[www.whybolusite.cf/images/icon_12.svg]
[www.whybolusite.cf/styles/contact.css]
[www.whybolusite.cf/styles/contact_responsive.css]
[www.whybolusite.cf/styles/images/discord criss cross.jpg]
